// Jest Snapshot v1, https://goo.gl/fbAQLP

exports[`ErrorBanner.vue shows an error message 1`] = `
<div>
  <v-alert-stub
    class="error-banner red"
    dismissible=""
    type="error"
    value="true"
  >
    
    anyMessage
  
  </v-alert-stub>
</div>
`;
